
   ΓÇó Packages in scope: web, zerithdb-auth, zerithdb-cli, zerithdb-core, zerithdb-db, zerithdb-eslint-config, zerithdb-network, zerithdb-react, zerithdb-sdk, zerithdb-signaling-server, zerithdb-sync, zerithdb-tsconfig, zerithdb-utils
   ΓÇó Running test in 13 packages
   ΓÇó Remote caching disabled (remote cache requested ΓÇö set TURBO_TOKEN and TURBO_TEAM, or run "turbo login" and "turbo link")

zerithdb-core:build: cache miss, executing 61b75dce9be5f2c7
zerithdb-core:build: 
zerithdb-core:build: > zerithdb-core@0.2.0 build C:\Users\Rushabh Mahajan\Documents\GitHub\ZerithDB\packages\core
zerithdb-core:build: > tsup src/index.ts --format esm,cjs --dts
zerithdb-core:build: 
zerithdb-core:build: [34mCLI[39m Building entry: src/index.ts
zerithdb-core:build: [34mCLI[39m Using tsconfig: tsconfig.json
zerithdb-core:build: [34mCLI[39m tsup v8.5.1
zerithdb-core:build: [34mCLI[39m Target: es2022
zerithdb-core:build: [34mESM[39m Build start
zerithdb-core:build: [34mCJS[39m Build start
zerithdb-core:build: 
zerithdb-core:build: [43m[30m WARN [39m[49m [33mΓû▓ [43;33m[[43;30mWARNING[43;33m][0m [1mThe condition "types" here will never be used as it comes after both "import" and "require"[0m [package.json]
zerithdb-core:build: 
zerithdb-core:build:     package.json:14:6:
zerithdb-core:build: [37m      14 Γöé       [32m"types"[37m: "./dist/index.d.ts"
zerithdb-core:build:          Γò╡       [32m~~~~~~~[0m
zerithdb-core:build: 
zerithdb-core:build:   The "import" condition comes earlier and will be used for all "import" statements:
zerithdb-core:build: 
zerithdb-core:build:     package.json:12:6:
zerithdb-core:build: [37m      12 Γöé       [32m"import"[37m: "./dist/index.js",
zerithdb-core:build:          Γò╡       [32m~~~~~~~~[0m
zerithdb-core:build: 
zerithdb-core:build:   The "require" condition comes earlier and will be used for all "require" calls:
zerithdb-core:build: 
zerithdb-core:build:     package.json:13:6:
zerithdb-core:build: [37m      13 Γöé       [32m"require"[37m: "./dist/index.cjs",
zerithdb-core:build:          Γò╡       [32m~~~~~~~~~[0m
zerithdb-core:build: 
zerithdb-core:build: 
zerithdb-core:build: 
zerithdb-core:build: [32mESM[39m [1mdist\index.js [22m[32m2.53 KB[39m
zerithdb-core:build: [32mESM[39m ΓÜí∩╕Å Build success in 454ms
zerithdb-core:build: 
zerithdb-core:build: [43m[30m WARN [39m[49m [33mΓû▓ [43;33m[[43;30mWARNING[43;33m][0m [1mThe condition "types" here will never be used as it comes after both "import" and "require"[0m [package.json]
zerithdb-core:build: 
zerithdb-core:build:     package.json:14:6:
zerithdb-core:build: [37m      14 Γöé       [32m"types"[37m: "./dist/index.d.ts"
zerithdb-core:build:          Γò╡       [32m~~~~~~~[0m
zerithdb-core:build: 
zerithdb-core:build:   The "import" condition comes earlier and will be used for all "import" statements:
zerithdb-core:build: 
zerithdb-core:build:     package.json:12:6:
zerithdb-core:build: [37m      12 Γöé       [32m"import"[37m: "./dist/index.js",
zerithdb-core:build:          Γò╡       [32m~~~~~~~~[0m
zerithdb-core:build: 
zerithdb-core:build:   The "require" condition comes earlier and will be used for all "require" calls:
zerithdb-core:build: 
zerithdb-core:build:     package.json:13:6:
zerithdb-core:build: [37m      13 Γöé       [32m"require"[37m: "./dist/index.cjs",
zerithdb-core:build:          Γò╡       [32m~~~~~~~~~[0m
zerithdb-core:build: 
zerithdb-core:build: 
zerithdb-core:build: 
zerithdb-core:build: [32mCJS[39m [1mdist\index.cjs [22m[32m3.61 KB[39m
zerithdb-core:build: [32mCJS[39m ΓÜí∩╕Å Build success in 584ms
zerithdb-core:build: [34mDTS[39m Build start
zerithdb-core:build: [32mDTS[39m ΓÜí∩╕Å Build success in 10427ms
zerithdb-core:build: [32mDTS[39m [1mdist\index.d.ts  [22m[32m6.71 KB[39m
zerithdb-core:build: [32mDTS[39m [1mdist\index.d.cts [22m[32m6.71 KB[39m
zerithdb-db:build: cache miss, executing f8b82a33ee10ac42
zerithdb-auth:build: cache miss, executing 292942cf65fbde7c
zerithdb-db:build: 
zerithdb-db:build: > zerithdb-db@0.2.0 build C:\Users\Rushabh Mahajan\Documents\GitHub\ZerithDB\packages\db
zerithdb-db:build: > tsup src/index.ts --format esm,cjs --dts
zerithdb-db:build: 
zerithdb-auth:build: 
zerithdb-auth:build: > zerithdb-auth@0.2.0 build C:\Users\Rushabh Mahajan\Documents\GitHub\ZerithDB\packages\auth
zerithdb-auth:build: > tsup src/index.ts --format esm,cjs --dts
zerithdb-auth:build: 
zerithdb-db:build: [34mCLI[39m Building entry: src/index.ts
zerithdb-db:build: [34mCLI[39m Using tsconfig: tsconfig.json
zerithdb-db:build: [34mCLI[39m tsup v8.5.1
zerithdb-db:build: [34mCLI[39m Target: es2022
zerithdb-db:build: [34mESM[39m Build start
zerithdb-db:build: [34mCJS[39m Build start
zerithdb-auth:build: [34mCLI[39m Building entry: src/index.ts
zerithdb-auth:build: [34mCLI[39m Using tsconfig: tsconfig.json
zerithdb-auth:build: [34mCLI[39m tsup v8.5.1
zerithdb-auth:build: [34mCLI[39m Target: es2022
zerithdb-auth:build: [34mESM[39m Build start
zerithdb-auth:build: [34mCJS[39m Build start
zerithdb-db:build: 
zerithdb-db:build: [43m[30m WARN [39m[49m [33mΓû▓ [43;33m[[43;30mWARNING[43;33m][0m [1mThe condition "types" here will never be used as it comes after both "import" and "require"[0m [package.json]
zerithdb-db:build: 
zerithdb-db:build:     package.json:14:6:
zerithdb-db:build: [37m      14 Γöé       [32m"types"[37m: "./dist/index.d.ts"
zerithdb-db:build:          Γò╡       [32m~~~~~~~[0m
zerithdb-db:build: 
zerithdb-db:build:   The "import" condition comes earlier and will be used for all "import" statements:
zerithdb-db:build: 
zerithdb-db:build:     package.json:12:6:
zerithdb-db:build: [37m      12 Γöé       [32m"import"[37m: "./dist/index.js",
zerithdb-db:build:          Γò╡       [32m~~~~~~~~[0m
zerithdb-db:build: 
zerithdb-db:build:   The "require" condition comes earlier and will be used for all "require" calls:
zerithdb-db:build: 
zerithdb-db:build:     package.json:13:6:
zerithdb-db:build: [37m      13 Γöé       [32m"require"[37m: "./dist/index.cjs",
zerithdb-db:build:          Γò╡       [32m~~~~~~~~~[0m
zerithdb-db:build: 
zerithdb-db:build: 
zerithdb-db:build: 
zerithdb-db:build: 
zerithdb-db:build: [43m[30m WARN [39m[49m [33mΓû▓ [43;33m[[43;30mWARNING[43;33m][0m [1mThe condition "types" here will never be used as it comes after both "import" and "require"[0m [package.json]
zerithdb-db:build: 
zerithdb-db:build:     package.json:14:6:
zerithdb-db:build: [37m      14 Γöé       [32m"types"[37m: "./dist/index.d.ts"
zerithdb-db:build:          Γò╡       [32m~~~~~~~[0m
zerithdb-db:build: 
zerithdb-db:build:   The "import" condition comes earlier and will be used for all "import" statements:
zerithdb-db:build: 
zerithdb-db:build:     package.json:12:6:
zerithdb-db:build: [37m      12 Γöé       [32m"import"[37m: "./dist/index.js",
zerithdb-db:build:          Γò╡       [32m~~~~~~~~[0m
zerithdb-db:build: 
zerithdb-db:build:   The "require" condition comes earlier and will be used for all "require" calls:
zerithdb-db:build: 
zerithdb-db:build:     package.json:13:6:
zerithdb-db:build: [37m      13 Γöé       [32m"require"[37m: "./dist/index.cjs",
zerithdb-db:build:          Γò╡       [32m~~~~~~~~~[0m
zerithdb-db:build: 
zerithdb-db:build: 
zerithdb-db:build: 
zerithdb-db:build: [32mESM[39m [1mdist\index.js [22m[32m5.83 KB[39m
zerithdb-db:build: [32mESM[39m ΓÜí∩╕Å Build success in 1587ms
zerithdb-db:build: [32mCJS[39m [1mdist\index.cjs [22m[32m7.80 KB[39m
zerithdb-db:build: [32mCJS[39m ΓÜí∩╕Å Build success in 1587ms
zerithdb-auth:build: 
zerithdb-auth:build: [43m[30m WARN [39m[49m [33mΓû▓ [43;33m[[43;30mWARNING[43;33m][0m [1mThe condition "types" here will never be used as it comes after both "import" and "require"[0m [package.json]
zerithdb-auth:build: 
zerithdb-auth:build:     package.json:14:6:
zerithdb-auth:build: [37m      14 Γöé       [32m"types"[37m: "./dist/index.d.ts"
zerithdb-auth:build:          Γò╡       [32m~~~~~~~[0m
zerithdb-auth:build: 
zerithdb-auth:build:   The "import" condition comes earlier and will be used for all "import" statements:
zerithdb-auth:build: 
zerithdb-auth:build:     package.json:12:6:
zerithdb-auth:build: [37m      12 Γöé       [32m"import"[37m: "./dist/index.js",
zerithdb-auth:build:          Γò╡       [32m~~~~~~~~[0m
zerithdb-auth:build: 
zerithdb-auth:build:   The "require" condition comes earlier and will be used for all "require" calls:
zerithdb-auth:build: 
zerithdb-auth:build:     package.json:13:6:
zerithdb-auth:build: [37m      13 Γöé       [32m"require"[37m: "./dist/index.cjs",
zerithdb-auth:build:          Γò╡       [32m~~~~~~~~~[0m
zerithdb-auth:build: 
zerithdb-auth:build: 
zerithdb-auth:build: 
zerithdb-auth:build: [32mCJS[39m [1mdist\index.cjs [22m[32m5.67 KB[39m
zerithdb-auth:build: [32mCJS[39m ΓÜí∩╕Å Build success in 1391ms
zerithdb-auth:build: 
zerithdb-auth:build: [43m[30m WARN [39m[49m [33mΓû▓ [43;33m[[43;30mWARNING[43;33m][0m [1mThe condition "types" here will never be used as it comes after both "import" and "require"[0m [package.json]
zerithdb-auth:build: 
zerithdb-auth:build:     package.json:14:6:
zerithdb-auth:build: [37m      14 Γöé       [32m"types"[37m: "./dist/index.d.ts"
zerithdb-auth:build:          Γò╡       [32m~~~~~~~[0m
zerithdb-auth:build: 
zerithdb-auth:build:   The "import" condition comes earlier and will be used for all "import" statements:
zerithdb-auth:build: 
zerithdb-auth:build:     package.json:12:6:
zerithdb-auth:build: [37m      12 Γöé       [32m"import"[37m: "./dist/index.js",
zerithdb-auth:build:          Γò╡       [32m~~~~~~~~[0m
zerithdb-auth:build: 
zerithdb-auth:build:   The "require" condition comes earlier and will be used for all "require" calls:
zerithdb-auth:build: 
zerithdb-auth:build:     package.json:13:6:
zerithdb-auth:build: [37m      13 Γöé       [32m"require"[37m: "./dist/index.cjs",
zerithdb-auth:build:          Γò╡       [32m~~~~~~~~~[0m
zerithdb-auth:build: 
zerithdb-auth:build: 
zerithdb-auth:build: 
zerithdb-auth:build: [32mESM[39m [1mdist\index.js [22m[32m3.98 KB[39m
zerithdb-auth:build: [32mESM[39m ΓÜí∩╕Å Build success in 1423ms
zerithdb-db:build: [34mDTS[39m Build start
zerithdb-auth:build: [34mDTS[39m Build start
zerithdb-db:build: [32mDTS[39m ΓÜí∩╕Å Build success in 13573ms
zerithdb-db:build: [32mDTS[39m [1mdist\index.d.ts  [22m[32m2.21 KB[39m
zerithdb-db:build: [32mDTS[39m [1mdist\index.d.cts [22m[32m2.21 KB[39m
zerithdb-auth:build: [32mDTS[39m ΓÜí∩╕Å Build success in 13701ms
zerithdb-auth:build: [32mDTS[39m [1mdist\index.d.ts  [22m[32m1.63 KB[39m
zerithdb-auth:build: [32mDTS[39m [1mdist\index.d.cts [22m[32m1.63 KB[39m
zerithdb-network:build: cache miss, executing 401fc91201be6d14
zerithdb-network:build: 
zerithdb-network:build: > zerithdb-network@0.2.0 build C:\Users\Rushabh Mahajan\Documents\GitHub\ZerithDB\packages\network
zerithdb-network:build: > tsup src/index.ts --format esm,cjs --dts
zerithdb-network:build: 
zerithdb-network:build: [34mCLI[39m Building entry: src/index.ts
zerithdb-network:build: [34mCLI[39m Using tsconfig: tsconfig.json
zerithdb-network:build: [34mCLI[39m tsup v8.5.1
zerithdb-network:build: [34mCLI[39m Target: es2022
zerithdb-network:build: [34mESM[39m Build start
zerithdb-network:build: [34mCJS[39m Build start
zerithdb-network:build: 
zerithdb-network:build: [43m[30m WARN [39m[49m [33mΓû▓ [43;33m[[43;30mWARNING[43;33m][0m [1mThe condition "types" here will never be used as it comes after both "import" and "require"[0m [package.json]
zerithdb-network:build: 
zerithdb-network:build:     package.json:14:6:
zerithdb-network:build: [37m      14 Γöé       [32m"types"[37m: "./dist/index.d.ts"
zerithdb-network:build:          Γò╡       [32m~~~~~~~[0m
zerithdb-network:build: 
zerithdb-network:build:   The "import" condition comes earlier and will be used for all "import" statements:
zerithdb-network:build: 
zerithdb-network:build:     package.json:12:6:
zerithdb-network:build: [37m      12 Γöé       [32m"import"[37m: "./dist/index.js",
zerithdb-network:build:          Γò╡       [32m~~~~~~~~[0m
zerithdb-network:build: 
zerithdb-network:build:   The "require" condition comes earlier and will be used for all "require" calls:
zerithdb-network:build: 
zerithdb-network:build:     package.json:13:6:
zerithdb-network:build: [37m      13 Γöé       [32m"require"[37m: "./dist/index.cjs",
zerithdb-network:build:          Γò╡       [32m~~~~~~~~~[0m
zerithdb-network:build: 
zerithdb-network:build: 
zerithdb-network:build: 
zerithdb-network:build: 
zerithdb-network:build: [32mCJS[39m [1mdist\index.cjs [22m[32m7.25 KB[39m
zerithdb-network:build: [32mCJS[39m ΓÜí∩╕Å Build success in 1597ms
zerithdb-network:build: [32mESM[39m [1mdist\index.js [22m[32m5.53 KB[39m
zerithdb-network:build: [32mESM[39m ΓÜí∩╕Å Build success in 1599ms
zerithdb-network:build: [43m[30m WARN [39m[49m [33mΓû▓ [43;33m[[43;30mWARNING[43;33m][0m [1mThe condition "types" here will never be used as it comes after both "import" and "require"[0m [package.json]
zerithdb-network:build: 
zerithdb-network:build:     package.json:14:6:
zerithdb-network:build: [37m      14 Γöé       [32m"types"[37m: "./dist/index.d.ts"
zerithdb-network:build:          Γò╡       [32m~~~~~~~[0m
zerithdb-network:build: 
zerithdb-network:build:   The "import" condition comes earlier and will be used for all "import" statements:
zerithdb-network:build: 
zerithdb-network:build:     package.json:12:6:
zerithdb-network:build: [37m      12 Γöé       [32m"import"[37m: "./dist/index.js",
zerithdb-network:build:          Γò╡       [32m~~~~~~~~[0m
zerithdb-network:build: 
zerithdb-network:build:   The "require" condition comes earlier and will be used for all "require" calls:
zerithdb-network:build: 
zerithdb-network:build:     package.json:13:6:
zerithdb-network:build: [37m      13 Γöé       [32m"require"[37m: "./dist/index.cjs",
zerithdb-network:build:          Γò╡       [32m~~~~~~~~~[0m
zerithdb-network:build: 
zerithdb-network:build: 
zerithdb-network:build: 
zerithdb-network:build: [34mDTS[39m Build start
zerithdb-network:build: [32mDTS[39m ΓÜí∩╕Å Build success in 11449ms
zerithdb-network:build: [32mDTS[39m [1mdist\index.d.ts  [22m[32m1.87 KB[39m
zerithdb-network:build: [32mDTS[39m [1mdist\index.d.cts [22m[32m1.87 KB[39m
zerithdb-sync:build: cache miss, executing 0f0d9c619042ce6b
zerithdb-sync:build: 
zerithdb-sync:build: > zerithdb-sync@0.2.0 build C:\Users\Rushabh Mahajan\Documents\GitHub\ZerithDB\packages\sync
zerithdb-sync:build: > tsup src/index.ts --format esm,cjs --dts
zerithdb-sync:build: 
zerithdb-sync:build: [34mCLI[39m Building entry: src/index.ts
zerithdb-sync:build: [34mCLI[39m Using tsconfig: tsconfig.json
zerithdb-sync:build: [34mCLI[39m tsup v8.5.1
zerithdb-sync:build: [34mCLI[39m Target: es2022
zerithdb-sync:build: [34mESM[39m Build start
zerithdb-sync:build: [34mCJS[39m Build start
zerithdb-sync:build: 
zerithdb-sync:build: [43m[30m WARN [39m[49m [33mΓû▓ [43;33m[[43;30mWARNING[43;33m][0m [1mThe condition "types" here will never be used as it comes after both "import" and "require"[0m [package.json]
zerithdb-sync:build: 
zerithdb-sync:build:     package.json:14:6:
zerithdb-sync:build: [37m      14 Γöé       [32m"types"[37m: "./dist/index.d.ts"
zerithdb-sync:build:          Γò╡       [32m~~~~~~~[0m
zerithdb-sync:build: 
zerithdb-sync:build:   The "import" condition comes earlier and will be used for all "import" statements:
zerithdb-sync:build: 
zerithdb-sync:build:     package.json:12:6:
zerithdb-sync:build: [37m      12 Γöé       [32m"import"[37m: "./dist/index.js",
zerithdb-sync:build:          Γò╡       [32m~~~~~~~~[0m
zerithdb-sync:build: 
zerithdb-sync:build:   The "require" condition comes earlier and will be used for all "require" calls:
zerithdb-sync:build: 
zerithdb-sync:build:     package.json:13:6:
zerithdb-sync:build: [37m      13 Γöé       [32m"require"[37m: "./dist/index.cjs",
zerithdb-sync:build:          Γò╡       [32m~~~~~~~~~[0m
zerithdb-sync:build: 
zerithdb-sync:build: 
zerithdb-sync:build: 
zerithdb-sync:build: [32mESM[39m [1mdist\index.js [22m[32m4.01 KB[39m
zerithdb-sync:build: [32mESM[39m ΓÜí∩╕Å Build success in 1293ms
zerithdb-sync:build: 
zerithdb-sync:build: [43m[30m WARN [39m[49m [33mΓû▓ [43;33m[[43;30mWARNING[43;33m][0m [1mThe condition "types" here will never be used as it comes after both "import" and "require"[0m [package.json]
zerithdb-sync:build: 
zerithdb-sync:build:     package.json:14:6:
zerithdb-sync:build: [37m      14 Γöé       [32m"types"[37m: "./dist/index.d.ts"
zerithdb-sync:build:          Γò╡       [32m~~~~~~~[0m
zerithdb-sync:build: 
zerithdb-sync:build:   The "import" condition comes earlier and will be used for all "import" statements:
zerithdb-sync:build: 
zerithdb-sync:build:     package.json:12:6:
zerithdb-sync:build: [37m      12 Γöé       [32m"import"[37m: "./dist/index.js",
zerithdb-sync:build:          Γò╡       [32m~~~~~~~~[0m
zerithdb-sync:build: 
zerithdb-sync:build:   The "require" condition comes earlier and will be used for all "require" calls:
zerithdb-sync:build: 
zerithdb-sync:build:     package.json:13:6:
zerithdb-sync:build: [37m      13 Γöé       [32m"require"[37m: "./dist/index.cjs",
zerithdb-sync:build:          Γò╡       [32m~~~~~~~~~[0m
zerithdb-sync:build: 
zerithdb-sync:build: 
zerithdb-sync:build: 
zerithdb-sync:build: [32mCJS[39m [1mdist\index.cjs [22m[32m5.65 KB[39m
zerithdb-sync:build: [32mCJS[39m ΓÜí∩╕Å Build success in 1377ms
zerithdb-sync:build: [34mDTS[39m Build start
zerithdb-sync:build: [32mDTS[39m ΓÜí∩╕Å Build success in 11784ms
zerithdb-sync:build: [32mDTS[39m [1mdist\index.d.ts  [22m[32m1.86 KB[39m
zerithdb-sync:build: [32mDTS[39m [1mdist\index.d.cts [22m[32m1.86 KB[39m
zerithdb-sdk:build: cache miss, executing 3ff2515d9a860f38
zerithdb-sdk:build: 
zerithdb-sdk:build: > zerithdb-sdk@0.2.0 build C:\Users\Rushabh Mahajan\Documents\GitHub\ZerithDB\packages\sdk
zerithdb-sdk:build: > tsup src/index.ts --format esm,cjs --dts --treeshake
zerithdb-sdk:build: 
zerithdb-sdk:build: [34mCLI[39m Building entry: src/index.ts
zerithdb-sdk:build: [34mCLI[39m Using tsconfig: tsconfig.json
zerithdb-sdk:build: [34mCLI[39m tsup v8.5.1
zerithdb-sdk:build: [34mCLI[39m Target: es2022
zerithdb-sdk:build: [34mESM[39m Build start
zerithdb-sdk:build: [34mCJS[39m Build start
zerithdb-sdk:build: 
zerithdb-sdk:build: [43m[30m WARN [39m[49m [33mΓû▓ [43;33m[[43;30mWARNING[43;33m][0m [1mThe condition "types" here will never be used as it comes after both "import" and "require"[0m [package.json]
zerithdb-sdk:build: 
zerithdb-sdk:build:     package.json:29:6:
zerithdb-sdk:build: [37m      29 Γöé       [32m"types"[37m: "./dist/index.d.ts"
zerithdb-sdk:build:          Γò╡       [32m~~~~~~~[0m
zerithdb-sdk:build: 
zerithdb-sdk:build:   The "import" condition comes earlier and will be used for all "import" statements:
zerithdb-sdk:build: 
zerithdb-sdk:build:     package.json:27:6:
zerithdb-sdk:build: [37m      27 Γöé       [32m"import"[37m: "./dist/index.js",
zerithdb-sdk:build:          Γò╡       [32m~~~~~~~~[0m
zerithdb-sdk:build: 
zerithdb-sdk:build:   The "require" condition comes earlier and will be used for all "require" calls:
zerithdb-sdk:build: 
zerithdb-sdk:build:     package.json:28:6:
zerithdb-sdk:build: [37m      28 Γöé       [32m"require"[37m: "./dist/index.cjs",
zerithdb-sdk:build:          Γò╡       [32m~~~~~~~~~[0m
zerithdb-sdk:build: 
zerithdb-sdk:build: 
zerithdb-sdk:build: 
zerithdb-sdk:build: 
zerithdb-sdk:build: [43m[30m WARN [39m[49m [33mΓû▓ [43;33m[[43;30mWARNING[43;33m][0m [1mThe condition "types" here will never be used as it comes after both "import" and "require"[0m [package.json]
zerithdb-sdk:build: 
zerithdb-sdk:build:     package.json:29:6:
zerithdb-sdk:build: [37m      29 Γöé       [32m"types"[37m: "./dist/index.d.ts"
zerithdb-sdk:build:          Γò╡       [32m~~~~~~~[0m
zerithdb-sdk:build: 
zerithdb-sdk:build:   The "import" condition comes earlier and will be used for all "import" statements:
zerithdb-sdk:build: 
zerithdb-sdk:build:     package.json:27:6:
zerithdb-sdk:build: [37m      27 Γöé       [32m"import"[37m: "./dist/index.js",
zerithdb-sdk:build:          Γò╡       [32m~~~~~~~~[0m
zerithdb-sdk:build: 
zerithdb-sdk:build:   The "require" condition comes earlier and will be used for all "require" calls:
zerithdb-sdk:build: 
zerithdb-sdk:build:     package.json:28:6:
zerithdb-sdk:build: [37m      28 Γöé       [32m"require"[37m: "./dist/index.cjs",
zerithdb-sdk:build:          Γò╡       [32m~~~~~~~~~[0m
zerithdb-sdk:build: 
zerithdb-sdk:build: 
zerithdb-sdk:build: 
zerithdb-sdk:build: "CollectionClient" is imported from external module "zerithdb-db" but never used in "dist/index.cjs".
zerithdb-sdk:build: "CollectionClient" is imported from external module "zerithdb-db" but never used in "dist/index.js".
zerithdb-sdk:build: [32mCJS[39m [1mdist\index.cjs [22m[32m1.60 KB[39m
zerithdb-sdk:build: [32mCJS[39m ΓÜí∩╕Å Build success in 2286ms
zerithdb-sdk:build: [32mESM[39m [1mdist\index.js [22m[32m1.29 KB[39m
zerithdb-sdk:build: [32mESM[39m ΓÜí∩╕Å Build success in 2289ms
zerithdb-sdk:build: [34mDTS[39m Build start
zerithdb-sdk:build: [32mDTS[39m ΓÜí∩╕Å Build success in 9825ms
zerithdb-sdk:build: [32mDTS[39m [1mdist\index.d.ts  [22m[32m2.30 KB[39m
zerithdb-sdk:build: [32mDTS[39m [1mdist\index.d.cts [22m[32m2.30 KB[39m

 Tasks:    6 successful, 6 total
Cached:    0 cached, 6 total
  Time:    1m51.064s 

